[GET] https://dongwook.kim/ => [200] 
[GET] https://dongwook.kim/_next/image?url=%2Flogo.jpg&w=256&q=75 => [200] 
[GET] https://dongwook.kim/feedle.png => [200] 
[GET] https://dongwook.kim/_next/static/css/a52d5616a8ea3c71.css => [200] 
[GET] https://dongwook.kim/_next/static/chunks/webpack-291409d111e80985.js => [200] 
[GET] https://dongwook.kim/_next/static/chunks/032e1403-8e662e10fe5d4824.js => [200] 
[GET] https://dongwook.kim/_next/static/chunks/5650-c5b082973b0789de.js => [200] 
[GET] https://dongwook.kim/_next/static/chunks/main-app-36741903e47f61af.js => [200] 
[GET] https://dongwook.kim/_next/static/chunks/84cf13cb-a6ff451568ce3833.js => [200] 
[GET] https://dongwook.kim/_next/static/chunks/4935-08f339de5b2a59c4.js => [200] 
[GET] https://dongwook.kim/_next/static/chunks/4845-f50b9ad82a7afba4.js => [200] 
[GET] https://dongwook.kim/_next/static/chunks/6445-44c5baebcfd39356.js => [200] 
[GET] https://dongwook.kim/_next/static/chunks/app/layout-e053070e00245208.js => [200] 
[GET] https://dongwook.kim/_next/static/chunks/6432-2ddd9d96ad6b3429.js => [200] 
[GET] https://dongwook.kim/_next/static/chunks/7239-369b26fa691daa72.js => [200] 
[GET] https://dongwook.kim/_next/static/chunks/6038-763dc0d7c4279e8b.js => [200] 
[GET] https://dongwook.kim/_next/static/chunks/8504-968e0be225b97cfd.js => [200] 
[GET] https://dongwook.kim/_next/static/chunks/2424-55995377f43de47c.js => [200] 
[GET] https://dongwook.kim/_next/static/chunks/439-d4ba2428a336fc36.js => [200] 
[GET] https://dongwook.kim/_next/static/chunks/5951-cd06973984752037.js => [200] 
[GET] https://dongwook.kim/_next/static/chunks/1752-741ce878c65c2b34.js => [200] 
[GET] https://dongwook.kim/_next/static/chunks/9490-e179fac471c198b6.js => [200] 
[GET] https://dongwook.kim/_next/static/chunks/1629-33d48512f7d567e7.js => [200] 
[GET] https://dongwook.kim/_next/static/chunks/app/page-9798381fb0f346b1.js => [200] 
[GET] https://dapi.kakao.com/v2/maps/sdk.js?appkey=c0986f45ad519044d2574ac8091cb572&libraries=services&autoload=false => [200] 
[GET] https://dongwook.kim/piyong.mov => [206] 
[GET] https://dongwook.kim/_next/image?url=%2Fblog.png&w=32&q=75 => [200] 
[GET] https://dongwook.kim/_next/image?url=https%3A%2F%2Fi.scdn.co%2Fimage%2Fab67616d0000b2736ff0068f58e74e677be844ea&w=48&q=75 => [200] 
[GET] https://dongwook.kim/_next/image?url=https%3A%2F%2Fi.scdn.co%2Fimage%2Fab67616d0000b2732f7d534ea59b740126e032c1&w=48&q=75 => [200] 
[GET] https://dongwook.kim/_next/image?url=https%3A%2F%2Fi.scdn.co%2Fimage%2Fab67616d0000b27353d4b246572ba52079b25dc2&w=48&q=75 => [200] 
[GET] https://dongwook.kim/manifest.webmanifest => [200] 
[GET] https://dongwook.kim/piyong.mov => [206] 
[GET] https://dongwook.kim/piyong.mov => [206] 
[GET] https://dongwook.kim/_vercel/speed-insights/script.js => [200] 
[GET] https://dongwook.kim/_vercel/insights/script.js => [200] 
[GET] https://dongwook.kim/blog?_rsc=1r34m => [200] 
[GET] https://dongwook.kim/?_rsc=1r34m => [200] 
[POST] https://dongwook.kim/_vercel/insights/view => [200] 
[GET] https://dongwook.kim/?_rsc=1pn8p => [200] 
[GET] https://dongwook.kim/?_rsc=nn07o => [200] 
[GET] https://dongwook.kim/?_rsc=ivliq => [200] 
[GET] https://dongwook.kim/favicon.ico?f7a4e63a932569d9 => [200] 
[GET] https://dongwook.kim/icons/icon-192.png => [200] 
[GET] https://dongwook.kim/blog?_rsc=p37cr => [200] 
[GET] https://dongwook.kim/blog?_rsc=p37cr => [200] 
[GET] https://dongwook.kim/piyong.mov => [206] 
[GET] https://dongwook.kim/piyong.mov => [206] 
[GET] https://dongwook.kim/_next/image?url=https%3A%2F%2Fi.scdn.co%2Fimage%2Fab67616d0000b273f79c2d231526409896d8c118&w=48&q=75 => [200] 
[GET] https://dongwook.kim/archive?_rsc=1r34m => [200] 
[GET] https://dongwook.kim/kanban?_rsc=1r34m => [200] 
[GET] https://dongwook.kim/lunch?_rsc=1r34m => [200] 
[GET] https://dongwook.kim/memo?_rsc=1r34m => [200] 
[GET] https://dongwook.kim/chat?_rsc=1r34m => [200] 
[GET] https://dongwook.kim/archive?_rsc=1pn8p => [200] 
[GET] https://dongwook.kim/archive?_rsc=3r6i7 => [200] 
[GET] https://dongwook.kim/archive?_rsc=10jjr => [200] 
[GET] https://dongwook.kim/archive?_rsc=jz32d => [200] 
[GET] https://dongwook.kim/_next/static/media/5dfb1d0134f1564c-s.p.otf => [200] 
[GET] https://dongwook.kim/_next/static/css/ed96be5490bb0726.css => [200] 
[GET] https://dongwook.kim/kanban?_rsc=1pn8p => [200] 
[GET] https://dongwook.kim/kanban?_rsc=h5es0 => [200] 
[GET] https://dongwook.kim/kanban?_rsc=9f4uu => [200] 
[GET] https://dongwook.kim/lunch?_rsc=1pn8p => [200] 
[GET] https://dongwook.kim/lunch?_rsc=zyd3a => [200] 
[GET] https://dongwook.kim/lunch?_rsc=1d8i9 => [200] 
[GET] https://dongwook.kim/memo?_rsc=1pn8p => [200] 
[GET] https://dongwook.kim/_next/static/chunks/6160-40c10a6798ef72c3.js => [200] 
[GET] https://dongwook.kim/_next/static/chunks/app/lunch/page-4d912e15090a95b3.js => [200] 
[GET] https://dongwook.kim/memo?_rsc=10kb8 => [200] 
[GET] https://dongwook.kim/memo?_rsc=17v1s => [200] 
[GET] https://dongwook.kim/_next/static/chunks/6917-6a56aac9edc4c51c.js => [200] 
[GET] https://dongwook.kim/_next/static/chunks/7903-234387815ae37833.js => [200] 
[GET] https://dongwook.kim/_next/static/chunks/app/kanban/page-91d6ec7794dfc577.js => [200] 
[GET] https://dongwook.kim/chat?_rsc=1pn8p => [200] 
[GET] https://dongwook.kim/chat?_rsc=5osji => [200] 
[GET] https://dongwook.kim/chat?_rsc=11hhl => [200] 
[GET] https://dongwook.kim/_next/static/chunks/952f8a39-10538d8396dc8a17.js => [200] 
[GET] https://dongwook.kim/_next/static/chunks/6a47a87c-2840dc7413d11849.js => [200] 
[GET] https://dongwook.kim/_next/static/chunks/1841-c56931fc0e2b7213.js => [200] 
[GET] https://dongwook.kim/_next/static/chunks/app/memo/page-3716b2143feecb86.js => [200] 
[GET] https://dongwook.kim/_next/static/chunks/app/chat/page-9ba24efa9e1da01f.js => [200] 
[GET] https://dongwook.kim/ => [200] 
[POST] https://dongwook.kim/_vercel/speed-insights/vitals => [FAILED] net::ERR_ABORTED
[POST] https://dongwook.kim/_vercel/speed-insights/vitals => [FAILED] net::ERR_ABORTED
[POST] https://dongwook.kim/_vercel/speed-insights/vitals => [FAILED] net::ERR_ABORTED
[POST] https://dongwook.kim/_vercel/speed-insights/vitals => [FAILED] net::ERR_ABORTED
[GET] https://dongwook.kim/_next/image?url=%2Flogo.jpg&w=256&q=75 => [200] 
[GET] https://dongwook.kim/feedle.png => [200] 
[GET] https://dongwook.kim/_next/static/css/a52d5616a8ea3c71.css => [200] 
[GET] https://dongwook.kim/_next/static/chunks/webpack-291409d111e80985.js => [200] 
[GET] https://dongwook.kim/_next/static/chunks/032e1403-8e662e10fe5d4824.js => [200] 
[GET] https://dongwook.kim/_next/static/chunks/5650-c5b082973b0789de.js => [200] 
[GET] https://dongwook.kim/_next/static/chunks/main-app-36741903e47f61af.js => [200] 
[GET] https://dongwook.kim/_next/static/chunks/84cf13cb-a6ff451568ce3833.js => [200] 
[GET] https://dongwook.kim/_next/static/chunks/4935-08f339de5b2a59c4.js => [200] 
[GET] https://dongwook.kim/_next/static/chunks/4845-f50b9ad82a7afba4.js => [200] 
[GET] https://dongwook.kim/_next/static/chunks/6445-44c5baebcfd39356.js => [200] 
[GET] https://dongwook.kim/_next/static/chunks/app/layout-e053070e00245208.js => [200] 
[GET] https://dongwook.kim/_next/static/chunks/6432-2ddd9d96ad6b3429.js => [200] 
[GET] https://dongwook.kim/_next/static/chunks/7239-369b26fa691daa72.js => [200] 
[GET] https://dongwook.kim/_next/static/chunks/6038-763dc0d7c4279e8b.js => [200] 
[GET] https://dongwook.kim/_next/static/chunks/8504-968e0be225b97cfd.js => [200] 
[GET] https://dongwook.kim/_next/static/chunks/2424-55995377f43de47c.js => [200] 
[GET] https://dongwook.kim/_next/static/chunks/439-d4ba2428a336fc36.js => [200] 
[GET] https://dongwook.kim/_next/static/chunks/5951-cd06973984752037.js => [200] 
[GET] https://dongwook.kim/_next/static/chunks/1752-741ce878c65c2b34.js => [200] 
[GET] https://dongwook.kim/_next/static/chunks/9490-e179fac471c198b6.js => [200] 
[GET] https://dongwook.kim/_next/static/chunks/1629-33d48512f7d567e7.js => [200] 
[GET] https://dongwook.kim/_next/static/chunks/app/page-9798381fb0f346b1.js => [200] 
[GET] https://dapi.kakao.com/v2/maps/sdk.js?appkey=c0986f45ad519044d2574ac8091cb572&libraries=services&autoload=false => [200] 
[GET] https://dongwook.kim/_next/image?url=%2Fblog.png&w=32&q=75 => [200] 
[GET] https://dongwook.kim/_next/image?url=https%3A%2F%2Fi.scdn.co%2Fimage%2Fab67616d0000b2736ff0068f58e74e677be844ea&w=48&q=75 => [200] 
[GET] https://dongwook.kim/_next/image?url=https%3A%2F%2Fi.scdn.co%2Fimage%2Fab67616d0000b2732f7d534ea59b740126e032c1&w=48&q=75 => [200] 
[GET] https://dongwook.kim/_next/image?url=https%3A%2F%2Fi.scdn.co%2Fimage%2Fab67616d0000b27353d4b246572ba52079b25dc2&w=48&q=75 => [200] 
[GET] https://dongwook.kim/_next/image?url=https%3A%2F%2Fi.scdn.co%2Fimage%2Fab67616d0000b273f79c2d231526409896d8c118&w=48&q=75 => [200] 
[GET] https://dongwook.kim/manifest.webmanifest => [200] 
[GET] https://dongwook.kim/_vercel/speed-insights/script.js => [200] 
[GET] https://dongwook.kim/_vercel/insights/script.js => [200] 
[GET] https://dongwook.kim/blog?_rsc=1r34m => [200] 
[GET] https://dongwook.kim/?_rsc=1r34m => [200] 
[POST] https://dongwook.kim/_vercel/insights/view => [200] 
[GET] https://dongwook.kim/favicon.ico?f7a4e63a932569d9 => [200] 
[GET] https://dongwook.kim/?_rsc=1pn8p => [200] 
[GET] https://dongwook.kim/?_rsc=nn07o => [200] 
[GET] https://dongwook.kim/?_rsc=ivliq => [200] 
[GET] https://dongwook.kim/icons/icon-192.png => [200] 
[GET] https://dongwook.kim/blog?_rsc=p37cr => [200] 
[GET] https://dongwook.kim/blog?_rsc=p37cr => [200] 
[GET] https://dongwook.kim/ => [200] 
[POST] https://dongwook.kim/_vercel/speed-insights/vitals => [FAILED] net::ERR_ABORTED
[POST] https://dongwook.kim/_vercel/speed-insights/vitals => [FAILED] net::ERR_ABORTED
[POST] https://dongwook.kim/_vercel/speed-insights/vitals => [FAILED] net::ERR_ABORTED
[POST] https://dongwook.kim/_vercel/speed-insights/vitals => [FAILED] net::ERR_ABORTED
[GET] https://dongwook.kim/_next/image?url=%2Flogo.jpg&w=256&q=75 => [304] 
[GET] https://dongwook.kim/feedle.png => [304] 
[GET] https://dongwook.kim/_next/static/css/a52d5616a8ea3c71.css => [200] 
[GET] https://dongwook.kim/_next/static/chunks/webpack-291409d111e80985.js => [200] 
[GET] https://dongwook.kim/_next/static/chunks/032e1403-8e662e10fe5d4824.js => [200] 
[GET] https://dongwook.kim/_next/static/chunks/5650-c5b082973b0789de.js => [200] 
[GET] https://dongwook.kim/_next/static/chunks/main-app-36741903e47f61af.js => [200] 
[GET] https://dongwook.kim/_next/static/chunks/84cf13cb-a6ff451568ce3833.js => [200] 
[GET] https://dongwook.kim/_next/static/chunks/4935-08f339de5b2a59c4.js => [200] 
[GET] https://dongwook.kim/_next/static/chunks/4845-f50b9ad82a7afba4.js => [200] 
[GET] https://dongwook.kim/_next/static/chunks/6445-44c5baebcfd39356.js => [200] 
[GET] https://dongwook.kim/_next/static/chunks/app/layout-e053070e00245208.js => [200] 
[GET] https://dongwook.kim/_next/static/chunks/6432-2ddd9d96ad6b3429.js => [200] 
[GET] https://dongwook.kim/_next/static/chunks/7239-369b26fa691daa72.js => [200] 
[GET] https://dongwook.kim/_next/static/chunks/6038-763dc0d7c4279e8b.js => [200] 
[GET] https://dongwook.kim/_next/static/chunks/8504-968e0be225b97cfd.js => [200] 
[GET] https://dongwook.kim/_next/static/chunks/2424-55995377f43de47c.js => [200] 
[GET] https://dongwook.kim/_next/static/chunks/439-d4ba2428a336fc36.js => [200] 
[GET] https://dongwook.kim/_next/static/chunks/5951-cd06973984752037.js => [200] 
[GET] https://dongwook.kim/_next/static/chunks/1752-741ce878c65c2b34.js => [200] 
[GET] https://dongwook.kim/_next/static/chunks/9490-e179fac471c198b6.js => [200] 
[GET] https://dongwook.kim/_next/static/chunks/1629-33d48512f7d567e7.js => [200] 
[GET] https://dongwook.kim/_next/static/chunks/app/page-9798381fb0f346b1.js => [200] 
[GET] https://dapi.kakao.com/v2/maps/sdk.js?appkey=c0986f45ad519044d2574ac8091cb572&libraries=services&autoload=false => [200] 
[GET] https://dongwook.kim/_next/image?url=https%3A%2F%2Fi.scdn.co%2Fimage%2Fab67616d0000b2736ff0068f58e74e677be844ea&w=48&q=75 => [200] 
[GET] https://dongwook.kim/_next/image?url=https%3A%2F%2Fi.scdn.co%2Fimage%2Fab67616d0000b2732f7d534ea59b740126e032c1&w=48&q=75 => [200] 
[GET] https://dongwook.kim/_next/image?url=https%3A%2F%2Fi.scdn.co%2Fimage%2Fab67616d0000b27353d4b246572ba52079b25dc2&w=48&q=75 => [200] 
[GET] https://dongwook.kim/_next/image?url=https%3A%2F%2Fi.scdn.co%2Fimage%2Fab67616d0000b273f79c2d231526409896d8c118&w=48&q=75 => [200] 
[GET] https://dongwook.kim/_next/image?url=%2Fblog.png&w=32&q=75 => [304] 
[GET] https://dongwook.kim/manifest.webmanifest => [200] 
[GET] https://dongwook.kim/_vercel/speed-insights/script.js => [200] 
[GET] https://dongwook.kim/_vercel/insights/script.js => [200] 
[POST] https://dongwook.kim/_vercel/insights/view => [200] 
[GET] https://dongwook.kim/blog?_rsc=1r34m => [200] 
[GET] https://dongwook.kim/?_rsc=1r34m => [200] 
[GET] https://dongwook.kim/favicon.ico?f7a4e63a932569d9 => [200] 
[GET] https://dongwook.kim/icons/icon-192.png => [200] 
[GET] https://dongwook.kim/?_rsc=1pn8p => [200] 
[GET] https://dongwook.kim/?_rsc=nn07o => [200] 
[GET] https://dongwook.kim/?_rsc=ivliq => [200] 
[GET] https://dongwook.kim/blog?_rsc=p37cr => [200] 
[GET] https://dongwook.kim/blog?_rsc=p37cr => [200] 
[GET] https://dongwook.kim/ => [200] 
[POST] https://dongwook.kim/_vercel/speed-insights/vitals => [FAILED] net::ERR_ABORTED
[POST] https://dongwook.kim/_vercel/speed-insights/vitals => [FAILED] net::ERR_ABORTED
[POST] https://dongwook.kim/_vercel/speed-insights/vitals => [FAILED] net::ERR_ABORTED
[POST] https://dongwook.kim/_vercel/speed-insights/vitals => [FAILED] net::ERR_ABORTED
[GET] https://dongwook.kim/_next/image?url=%2Flogo.jpg&w=256&q=75 => [304] 
[GET] https://dongwook.kim/feedle.png => [304] 
[GET] https://dongwook.kim/_next/static/css/a52d5616a8ea3c71.css => [200] 
[GET] https://dongwook.kim/_next/static/chunks/webpack-291409d111e80985.js => [200] 
[GET] https://dongwook.kim/_next/static/chunks/032e1403-8e662e10fe5d4824.js => [200] 
[GET] https://dongwook.kim/_next/static/chunks/5650-c5b082973b0789de.js => [200] 
[GET] https://dongwook.kim/_next/static/chunks/main-app-36741903e47f61af.js => [200] 
[GET] https://dongwook.kim/_next/static/chunks/84cf13cb-a6ff451568ce3833.js => [200] 
[GET] https://dongwook.kim/_next/static/chunks/4935-08f339de5b2a59c4.js => [200] 
[GET] https://dongwook.kim/_next/static/chunks/4845-f50b9ad82a7afba4.js => [200] 
[GET] https://dongwook.kim/_next/static/chunks/6445-44c5baebcfd39356.js => [200] 
[GET] https://dongwook.kim/_next/static/chunks/app/layout-e053070e00245208.js => [200] 
[GET] https://dongwook.kim/_next/static/chunks/6432-2ddd9d96ad6b3429.js => [200] 
[GET] https://dongwook.kim/_next/static/chunks/7239-369b26fa691daa72.js => [200] 
[GET] https://dongwook.kim/_next/static/chunks/6038-763dc0d7c4279e8b.js => [200] 
[GET] https://dongwook.kim/_next/static/chunks/8504-968e0be225b97cfd.js => [200] 
[GET] https://dongwook.kim/_next/static/chunks/2424-55995377f43de47c.js => [200] 
[GET] https://dongwook.kim/_next/static/chunks/439-d4ba2428a336fc36.js => [200] 
[GET] https://dongwook.kim/_next/static/chunks/5951-cd06973984752037.js => [200] 
[GET] https://dongwook.kim/_next/static/chunks/1752-741ce878c65c2b34.js => [200] 
[GET] https://dongwook.kim/_next/static/chunks/9490-e179fac471c198b6.js => [200] 
[GET] https://dongwook.kim/_next/static/chunks/1629-33d48512f7d567e7.js => [200] 
[GET] https://dongwook.kim/_next/static/chunks/app/page-9798381fb0f346b1.js => [200] 
[GET] https://dapi.kakao.com/v2/maps/sdk.js?appkey=c0986f45ad519044d2574ac8091cb572&libraries=services&autoload=false => [200] 
[GET] https://dongwook.kim/_next/image?url=https%3A%2F%2Fi.scdn.co%2Fimage%2Fab67616d0000b2736ff0068f58e74e677be844ea&w=48&q=75 => [200] 
[GET] https://dongwook.kim/_next/image?url=https%3A%2F%2Fi.scdn.co%2Fimage%2Fab67616d0000b2732f7d534ea59b740126e032c1&w=48&q=75 => [200] 
[GET] https://dongwook.kim/_next/image?url=https%3A%2F%2Fi.scdn.co%2Fimage%2Fab67616d0000b27353d4b246572ba52079b25dc2&w=48&q=75 => [200] 
[GET] https://dongwook.kim/_next/image?url=https%3A%2F%2Fi.scdn.co%2Fimage%2Fab67616d0000b273f79c2d231526409896d8c118&w=48&q=75 => [200] 
[GET] https://dongwook.kim/_next/image?url=%2Fblog.png&w=32&q=75 => [304] 
[GET] https://dongwook.kim/manifest.webmanifest => [200] 
[GET] https://dongwook.kim/_vercel/speed-insights/script.js => [200] 
[GET] https://dongwook.kim/_vercel/insights/script.js => [200] 
[POST] https://dongwook.kim/_vercel/insights/view => [200] 
[GET] https://dongwook.kim/blog?_rsc=1r34m => [200] 
[GET] https://dongwook.kim/?_rsc=1r34m => [200] 
[GET] https://dongwook.kim/favicon.ico?f7a4e63a932569d9 => [200] 
[GET] https://dongwook.kim/icons/icon-192.png => [200] 
[GET] https://dongwook.kim/blog?_rsc=p37cr => [200] 
[GET] https://dongwook.kim/blog?_rsc=1r34m => [200] 
[GET] https://dongwook.kim/?_rsc=1pn8p => [200] 
[GET] https://dongwook.kim/?_rsc=nn07o => [200] 
[GET] https://dongwook.kim/?_rsc=ivliq => [200] 
[GET] https://dongwook.kim/blog?_rsc=p37cr => [200] 
[GET] https://dongwook.kim/ => [200] 
[POST] https://dongwook.kim/_vercel/speed-insights/vitals => [FAILED] net::ERR_ABORTED
[POST] https://dongwook.kim/_vercel/speed-insights/vitals => [FAILED] net::ERR_ABORTED
[POST] https://dongwook.kim/_vercel/speed-insights/vitals => [FAILED] net::ERR_ABORTED
[POST] https://dongwook.kim/_vercel/speed-insights/vitals => [FAILED] net::ERR_ABORTED
[GET] https://dongwook.kim/_next/image?url=%2Flogo.jpg&w=256&q=75 => [304] 
[GET] https://dongwook.kim/feedle.png => [304] 
[GET] https://dongwook.kim/_next/static/css/a52d5616a8ea3c71.css => [200] 
[GET] https://dongwook.kim/_next/static/chunks/webpack-291409d111e80985.js => [200] 
[GET] https://dongwook.kim/_next/static/chunks/032e1403-8e662e10fe5d4824.js => [200] 
[GET] https://dongwook.kim/_next/static/chunks/5650-c5b082973b0789de.js => [200] 
[GET] https://dongwook.kim/_next/static/chunks/main-app-36741903e47f61af.js => [200] 
[GET] https://dongwook.kim/_next/static/chunks/84cf13cb-a6ff451568ce3833.js => [200] 
[GET] https://dongwook.kim/_next/static/chunks/4935-08f339de5b2a59c4.js => [200] 
[GET] https://dongwook.kim/_next/static/chunks/4845-f50b9ad82a7afba4.js => [200] 
[GET] https://dongwook.kim/_next/static/chunks/6445-44c5baebcfd39356.js => [200] 
[GET] https://dongwook.kim/_next/static/chunks/app/layout-e053070e00245208.js => [200] 
[GET] https://dongwook.kim/_next/static/chunks/6432-2ddd9d96ad6b3429.js => [200] 
[GET] https://dongwook.kim/_next/static/chunks/7239-369b26fa691daa72.js => [200] 
[GET] https://dongwook.kim/_next/static/chunks/6038-763dc0d7c4279e8b.js => [200] 
[GET] https://dongwook.kim/_next/static/chunks/8504-968e0be225b97cfd.js => [200] 
[GET] https://dongwook.kim/_next/static/chunks/2424-55995377f43de47c.js => [200] 
[GET] https://dongwook.kim/_next/static/chunks/439-d4ba2428a336fc36.js => [200] 
[GET] https://dongwook.kim/_next/static/chunks/5951-cd06973984752037.js => [200] 
[GET] https://dongwook.kim/_next/static/chunks/1752-741ce878c65c2b34.js => [200] 
[GET] https://dongwook.kim/_next/static/chunks/9490-e179fac471c198b6.js => [200] 
[GET] https://dongwook.kim/_next/static/chunks/1629-33d48512f7d567e7.js => [200] 
[GET] https://dongwook.kim/_next/static/chunks/app/page-9798381fb0f346b1.js => [200] 
[GET] https://dapi.kakao.com/v2/maps/sdk.js?appkey=c0986f45ad519044d2574ac8091cb572&libraries=services&autoload=false => [200] 
[GET] https://dongwook.kim/_next/image?url=https%3A%2F%2Fi.scdn.co%2Fimage%2Fab67616d0000b2736ff0068f58e74e677be844ea&w=48&q=75 => [200] 
[GET] https://dongwook.kim/_next/image?url=https%3A%2F%2Fi.scdn.co%2Fimage%2Fab67616d0000b2732f7d534ea59b740126e032c1&w=48&q=75 => [200] 
[GET] https://dongwook.kim/_next/image?url=https%3A%2F%2Fi.scdn.co%2Fimage%2Fab67616d0000b27353d4b246572ba52079b25dc2&w=48&q=75 => [200] 
[GET] https://dongwook.kim/_next/image?url=https%3A%2F%2Fi.scdn.co%2Fimage%2Fab67616d0000b273f79c2d231526409896d8c118&w=48&q=75 => [200] 
[GET] https://dongwook.kim/_next/image?url=%2Fblog.png&w=32&q=75 => [304] 
[GET] https://dongwook.kim/manifest.webmanifest => [200] 
[GET] https://dongwook.kim/_vercel/speed-insights/script.js => [200] 
[GET] https://dongwook.kim/_vercel/insights/script.js => [200] 
[POST] https://dongwook.kim/_vercel/insights/view => [200] 
[GET] https://dongwook.kim/blog?_rsc=1r34m => [200] 
[GET] https://dongwook.kim/?_rsc=1r34m => [200] 
[GET] https://dongwook.kim/favicon.ico?f7a4e63a932569d9 => [200] 
[GET] https://dongwook.kim/?_rsc=1pn8p => [200] 
[GET] https://dongwook.kim/?_rsc=nn07o => [200] 
[GET] https://dongwook.kim/?_rsc=ivliq => [200] 
[GET] https://dongwook.kim/icons/icon-192.png => [200] 
[GET] https://dongwook.kim/blog?_rsc=p37cr => [200] 
[GET] https://dongwook.kim/blog?_rsc=p37cr => [200] 
[GET] https://dongwook.kim/ => [200] 
[POST] https://dongwook.kim/_vercel/speed-insights/vitals => [FAILED] net::ERR_ABORTED
[POST] https://dongwook.kim/_vercel/speed-insights/vitals => [FAILED] net::ERR_ABORTED
[POST] https://dongwook.kim/_vercel/speed-insights/vitals => [FAILED] net::ERR_ABORTED
[POST] https://dongwook.kim/_vercel/speed-insights/vitals => [FAILED] net::ERR_ABORTED
[GET] https://dongwook.kim/_next/image?url=%2Flogo.jpg&w=256&q=75 => [304] 
[GET] https://dongwook.kim/feedle.png => [304] 
[GET] https://dongwook.kim/_next/static/css/a52d5616a8ea3c71.css => [200] 
[GET] https://dongwook.kim/_next/static/chunks/webpack-291409d111e80985.js => [200] 
[GET] https://dongwook.kim/_next/static/chunks/032e1403-8e662e10fe5d4824.js => [200] 
[GET] https://dongwook.kim/_next/static/chunks/5650-c5b082973b0789de.js => [200] 
[GET] https://dongwook.kim/_next/static/chunks/main-app-36741903e47f61af.js => [200] 
[GET] https://dongwook.kim/_next/static/chunks/84cf13cb-a6ff451568ce3833.js => [200] 
[GET] https://dongwook.kim/_next/static/chunks/4935-08f339de5b2a59c4.js => [200] 
[GET] https://dongwook.kim/_next/static/chunks/4845-f50b9ad82a7afba4.js => [200] 
[GET] https://dongwook.kim/_next/static/chunks/6445-44c5baebcfd39356.js => [200] 
[GET] https://dongwook.kim/_next/static/chunks/app/layout-e053070e00245208.js => [200] 
[GET] https://dongwook.kim/_next/static/chunks/6432-2ddd9d96ad6b3429.js => [200] 
[GET] https://dongwook.kim/_next/static/chunks/7239-369b26fa691daa72.js => [200] 
[GET] https://dongwook.kim/_next/static/chunks/6038-763dc0d7c4279e8b.js => [200] 
[GET] https://dongwook.kim/_next/static/chunks/8504-968e0be225b97cfd.js => [200] 
[GET] https://dongwook.kim/_next/static/chunks/2424-55995377f43de47c.js => [200] 
[GET] https://dongwook.kim/_next/static/chunks/439-d4ba2428a336fc36.js => [200] 
[GET] https://dongwook.kim/_next/static/chunks/5951-cd06973984752037.js => [200] 
[GET] https://dongwook.kim/_next/static/chunks/1752-741ce878c65c2b34.js => [200] 
[GET] https://dongwook.kim/_next/static/chunks/9490-e179fac471c198b6.js => [200] 
[GET] https://dongwook.kim/_next/static/chunks/1629-33d48512f7d567e7.js => [200] 
[GET] https://dongwook.kim/_next/static/chunks/app/page-9798381fb0f346b1.js => [200] 
[GET] https://dapi.kakao.com/v2/maps/sdk.js?appkey=c0986f45ad519044d2574ac8091cb572&libraries=services&autoload=false => [200] 
[GET] https://dongwook.kim/_next/image?url=https%3A%2F%2Fi.scdn.co%2Fimage%2Fab67616d0000b2736ff0068f58e74e677be844ea&w=48&q=75 => [200] 
[GET] https://dongwook.kim/_next/image?url=https%3A%2F%2Fi.scdn.co%2Fimage%2Fab67616d0000b2732f7d534ea59b740126e032c1&w=48&q=75 => [200] 
[GET] https://dongwook.kim/_next/image?url=https%3A%2F%2Fi.scdn.co%2Fimage%2Fab67616d0000b27353d4b246572ba52079b25dc2&w=48&q=75 => [200] 
[GET] https://dongwook.kim/_next/image?url=https%3A%2F%2Fi.scdn.co%2Fimage%2Fab67616d0000b273f79c2d231526409896d8c118&w=48&q=75 => [200] 
[GET] https://dongwook.kim/_next/image?url=%2Fblog.png&w=32&q=75 => [304] 
[GET] https://dongwook.kim/manifest.webmanifest => [200] 
[GET] https://dongwook.kim/_vercel/speed-insights/script.js => [200] 
[GET] https://dongwook.kim/_vercel/insights/script.js => [200] 
[POST] https://dongwook.kim/_vercel/insights/view => [200] 
[GET] https://dongwook.kim/blog?_rsc=1r34m => [200] 
[GET] https://dongwook.kim/?_rsc=1r34m => [200] 
[GET] https://dongwook.kim/?_rsc=1pn8p => [200] 
[GET] https://dongwook.kim/?_rsc=nn07o => [200] 
[GET] https://dongwook.kim/?_rsc=ivliq => [200] 
[GET] https://dongwook.kim/favicon.ico?f7a4e63a932569d9 => [200] 
[GET] https://dongwook.kim/icons/icon-192.png => [200] 
[GET] https://dongwook.kim/blog?_rsc=p37cr => [200] 
[GET] https://dongwook.kim/blog?_rsc=1r34m => [200] 
[GET] https://dongwook.kim/blog?_rsc=p37cr => [200] 
[GET] https://dongwook.kim/ => [200] 
[POST] https://dongwook.kim/_vercel/speed-insights/vitals => [FAILED] net::ERR_ABORTED
[POST] https://dongwook.kim/_vercel/speed-insights/vitals => [FAILED] net::ERR_ABORTED
[POST] https://dongwook.kim/_vercel/speed-insights/vitals => [FAILED] net::ERR_ABORTED
[POST] https://dongwook.kim/_vercel/speed-insights/vitals => [FAILED] net::ERR_ABORTED
[GET] https://dongwook.kim/_next/image?url=%2Flogo.jpg&w=256&q=75 => [304] 
[GET] https://dongwook.kim/feedle.png => [304] 
[GET] https://dongwook.kim/_next/static/css/a52d5616a8ea3c71.css => [200] 
[GET] https://dongwook.kim/_next/static/chunks/webpack-291409d111e80985.js => [200] 
[GET] https://dongwook.kim/_next/static/chunks/032e1403-8e662e10fe5d4824.js => [200] 
[GET] https://dongwook.kim/_next/static/chunks/5650-c5b082973b0789de.js => [200] 
[GET] https://dongwook.kim/_next/static/chunks/main-app-36741903e47f61af.js => [200] 
[GET] https://dongwook.kim/_next/static/chunks/84cf13cb-a6ff451568ce3833.js => [200] 
[GET] https://dongwook.kim/_next/static/chunks/4935-08f339de5b2a59c4.js => [200] 
[GET] https://dongwook.kim/_next/static/chunks/4845-f50b9ad82a7afba4.js => [200] 
[GET] https://dongwook.kim/_next/static/chunks/6445-44c5baebcfd39356.js => [200] 
[GET] https://dongwook.kim/_next/static/chunks/app/layout-e053070e00245208.js => [200] 
[GET] https://dongwook.kim/_next/static/chunks/6432-2ddd9d96ad6b3429.js => [200] 
[GET] https://dongwook.kim/_next/static/chunks/7239-369b26fa691daa72.js => [200] 
[GET] https://dongwook.kim/_next/static/chunks/6038-763dc0d7c4279e8b.js => [200] 
[GET] https://dongwook.kim/_next/static/chunks/8504-968e0be225b97cfd.js => [200] 
[GET] https://dongwook.kim/_next/static/chunks/2424-55995377f43de47c.js => [200] 
[GET] https://dongwook.kim/_next/static/chunks/439-d4ba2428a336fc36.js => [200] 
[GET] https://dongwook.kim/_next/static/chunks/5951-cd06973984752037.js => [200] 
[GET] https://dongwook.kim/_next/static/chunks/1752-741ce878c65c2b34.js => [200] 
[GET] https://dongwook.kim/_next/static/chunks/9490-e179fac471c198b6.js => [200] 
[GET] https://dongwook.kim/_next/static/chunks/1629-33d48512f7d567e7.js => [200] 
[GET] https://dongwook.kim/_next/static/chunks/app/page-9798381fb0f346b1.js => [200] 
[GET] https://dapi.kakao.com/v2/maps/sdk.js?appkey=c0986f45ad519044d2574ac8091cb572&libraries=services&autoload=false => [200] 
[GET] https://dongwook.kim/_next/image?url=https%3A%2F%2Fi.scdn.co%2Fimage%2Fab67616d0000b2736ff0068f58e74e677be844ea&w=48&q=75 => [200] 
[GET] https://dongwook.kim/_next/image?url=https%3A%2F%2Fi.scdn.co%2Fimage%2Fab67616d0000b2732f7d534ea59b740126e032c1&w=48&q=75 => [200] 
[GET] https://dongwook.kim/_next/image?url=https%3A%2F%2Fi.scdn.co%2Fimage%2Fab67616d0000b27353d4b246572ba52079b25dc2&w=48&q=75 => [200] 
[GET] https://dongwook.kim/_next/image?url=https%3A%2F%2Fi.scdn.co%2Fimage%2Fab67616d0000b273f79c2d231526409896d8c118&w=48&q=75 => [200] 
[GET] https://dongwook.kim/_next/image?url=%2Fblog.png&w=32&q=75 => [304] 
[GET] https://dongwook.kim/manifest.webmanifest => [200] 
[GET] https://dongwook.kim/_vercel/speed-insights/script.js => [200] 
[GET] https://dongwook.kim/_vercel/insights/script.js => [200] 
[POST] https://dongwook.kim/_vercel/insights/view => [200] 
[GET] https://dongwook.kim/blog?_rsc=1r34m => [200] 
[GET] https://dongwook.kim/?_rsc=1r34m => [200] 
[GET] https://dongwook.kim/?_rsc=1pn8p => [200] 
[GET] https://dongwook.kim/?_rsc=nn07o => [200] 
[GET] https://dongwook.kim/?_rsc=ivliq => [200] 
[GET] https://dongwook.kim/favicon.ico?f7a4e63a932569d9 => [200] 
[GET] https://dongwook.kim/icons/icon-192.png => [200] 
[GET] https://dongwook.kim/blog?_rsc=p37cr => [200] 
[GET] https://dongwook.kim/blog?_rsc=p37cr => [200] 
[GET] https://dongwook.kim/ => [200] 
[POST] https://dongwook.kim/_vercel/speed-insights/vitals => [FAILED] net::ERR_ABORTED
[POST] https://dongwook.kim/_vercel/speed-insights/vitals => [FAILED] net::ERR_ABORTED
[POST] https://dongwook.kim/_vercel/speed-insights/vitals => [FAILED] net::ERR_ABORTED
[POST] https://dongwook.kim/_vercel/speed-insights/vitals => [FAILED] net::ERR_ABORTED
[GET] https://dongwook.kim/_next/image?url=%2Flogo.jpg&w=256&q=75 => [304] 
[GET] https://dongwook.kim/feedle.png => [304] 
[GET] https://dongwook.kim/_next/static/css/a52d5616a8ea3c71.css => [200] 
[GET] https://dongwook.kim/_next/static/chunks/webpack-291409d111e80985.js => [200] 
[GET] https://dongwook.kim/_next/static/chunks/032e1403-8e662e10fe5d4824.js => [200] 
[GET] https://dongwook.kim/_next/static/chunks/5650-c5b082973b0789de.js => [200] 
[GET] https://dongwook.kim/_next/static/chunks/main-app-36741903e47f61af.js => [200] 
[GET] https://dongwook.kim/_next/static/chunks/84cf13cb-a6ff451568ce3833.js => [200] 
[GET] https://dongwook.kim/_next/static/chunks/4935-08f339de5b2a59c4.js => [200] 
[GET] https://dongwook.kim/_next/static/chunks/4845-f50b9ad82a7afba4.js => [200] 
[GET] https://dongwook.kim/_next/static/chunks/6445-44c5baebcfd39356.js => [200] 
[GET] https://dongwook.kim/_next/static/chunks/app/layout-e053070e00245208.js => [200] 
[GET] https://dongwook.kim/_next/static/chunks/6432-2ddd9d96ad6b3429.js => [200] 
[GET] https://dongwook.kim/_next/static/chunks/7239-369b26fa691daa72.js => [200] 
[GET] https://dongwook.kim/_next/static/chunks/6038-763dc0d7c4279e8b.js => [200] 
[GET] https://dongwook.kim/_next/static/chunks/8504-968e0be225b97cfd.js => [200] 
[GET] https://dongwook.kim/_next/static/chunks/2424-55995377f43de47c.js => [200] 
[GET] https://dongwook.kim/_next/static/chunks/439-d4ba2428a336fc36.js => [200] 
[GET] https://dongwook.kim/_next/static/chunks/5951-cd06973984752037.js => [200] 
[GET] https://dongwook.kim/_next/static/chunks/1752-741ce878c65c2b34.js => [200] 
[GET] https://dongwook.kim/_next/static/chunks/9490-e179fac471c198b6.js => [200] 
[GET] https://dongwook.kim/_next/static/chunks/1629-33d48512f7d567e7.js => [200] 
[GET] https://dongwook.kim/_next/static/chunks/app/page-9798381fb0f346b1.js => [200] 
[GET] https://dapi.kakao.com/v2/maps/sdk.js?appkey=c0986f45ad519044d2574ac8091cb572&libraries=services&autoload=false => [200] 
[GET] https://dongwook.kim/_next/image?url=https%3A%2F%2Fi.scdn.co%2Fimage%2Fab67616d0000b2736ff0068f58e74e677be844ea&w=48&q=75 => [200] 
[GET] https://dongwook.kim/_next/image?url=https%3A%2F%2Fi.scdn.co%2Fimage%2Fab67616d0000b2732f7d534ea59b740126e032c1&w=48&q=75 => [200] 
[GET] https://dongwook.kim/_next/image?url=https%3A%2F%2Fi.scdn.co%2Fimage%2Fab67616d0000b27353d4b246572ba52079b25dc2&w=48&q=75 => [200] 
[GET] https://dongwook.kim/_next/image?url=https%3A%2F%2Fi.scdn.co%2Fimage%2Fab67616d0000b273f79c2d231526409896d8c118&w=48&q=75 => [200] 
[GET] https://dongwook.kim/_next/image?url=%2Fblog.png&w=32&q=75 => [304] 
[GET] https://dongwook.kim/manifest.webmanifest => [200] 
[GET] https://dongwook.kim/_vercel/speed-insights/script.js => [200] 
[GET] https://dongwook.kim/_vercel/insights/script.js => [200] 
[POST] https://dongwook.kim/_vercel/insights/view => [200] 
[GET] https://dongwook.kim/blog?_rsc=1r34m => [200] 
[GET] https://dongwook.kim/?_rsc=1r34m => [200] 
[GET] https://dongwook.kim/?_rsc=1pn8p => [200] 
[GET] https://dongwook.kim/?_rsc=nn07o => [200] 
[GET] https://dongwook.kim/?_rsc=ivliq => [200] 
[GET] https://dongwook.kim/favicon.ico?f7a4e63a932569d9 => [200] 
[GET] https://dongwook.kim/icons/icon-192.png => [200] 
[GET] https://dongwook.kim/blog?_rsc=p37cr => [200] 
[GET] https://dongwook.kim/ => [200] 
[POST] https://dongwook.kim/_vercel/speed-insights/vitals => [FAILED] net::ERR_ABORTED
[POST] https://dongwook.kim/_vercel/speed-insights/vitals => [FAILED] net::ERR_ABORTED
[POST] https://dongwook.kim/_vercel/speed-insights/vitals => [FAILED] net::ERR_ABORTED
[POST] https://dongwook.kim/_vercel/speed-insights/vitals => [FAILED] net::ERR_ABORTED
[GET] https://dongwook.kim/_next/image?url=%2Flogo.jpg&w=256&q=75 => [304] 
[GET] https://dongwook.kim/feedle.png => [304] 
[GET] https://dongwook.kim/_next/static/css/a52d5616a8ea3c71.css => [200] 
[GET] https://dongwook.kim/_next/static/chunks/webpack-291409d111e80985.js => [200] 
[GET] https://dongwook.kim/_next/static/chunks/032e1403-8e662e10fe5d4824.js => [200] 
[GET] https://dongwook.kim/_next/static/chunks/5650-c5b082973b0789de.js => [200] 
[GET] https://dongwook.kim/_next/static/chunks/main-app-36741903e47f61af.js => [200] 
[GET] https://dongwook.kim/_next/static/chunks/84cf13cb-a6ff451568ce3833.js => [200] 
[GET] https://dongwook.kim/_next/static/chunks/4935-08f339de5b2a59c4.js => [200] 
[GET] https://dongwook.kim/_next/static/chunks/4845-f50b9ad82a7afba4.js => [200] 
[GET] https://dongwook.kim/_next/static/chunks/6445-44c5baebcfd39356.js => [200] 
[GET] https://dongwook.kim/_next/static/chunks/app/layout-e053070e00245208.js => [200] 
[GET] https://dongwook.kim/_next/static/chunks/6432-2ddd9d96ad6b3429.js => [200] 
[GET] https://dongwook.kim/_next/static/chunks/7239-369b26fa691daa72.js => [200] 
[GET] https://dongwook.kim/_next/static/chunks/6038-763dc0d7c4279e8b.js => [200] 
[GET] https://dongwook.kim/_next/static/chunks/8504-968e0be225b97cfd.js => [200] 
[GET] https://dongwook.kim/_next/static/chunks/2424-55995377f43de47c.js => [200] 
[GET] https://dongwook.kim/_next/static/chunks/439-d4ba2428a336fc36.js => [200] 
[GET] https://dongwook.kim/_next/static/chunks/5951-cd06973984752037.js => [200] 
[GET] https://dongwook.kim/_next/static/chunks/1752-741ce878c65c2b34.js => [200] 
[GET] https://dongwook.kim/_next/static/chunks/9490-e179fac471c198b6.js => [200] 
[GET] https://dongwook.kim/_next/static/chunks/1629-33d48512f7d567e7.js => [200] 
[GET] https://dongwook.kim/_next/static/chunks/app/page-9798381fb0f346b1.js => [200] 
[GET] https://dapi.kakao.com/v2/maps/sdk.js?appkey=c0986f45ad519044d2574ac8091cb572&libraries=services&autoload=false => [200] 
[GET] https://dongwook.kim/_next/image?url=https%3A%2F%2Fi.scdn.co%2Fimage%2Fab67616d0000b2736ff0068f58e74e677be844ea&w=48&q=75 => [200] 
[GET] https://dongwook.kim/_next/image?url=https%3A%2F%2Fi.scdn.co%2Fimage%2Fab67616d0000b2732f7d534ea59b740126e032c1&w=48&q=75 => [200] 
[GET] https://dongwook.kim/_next/image?url=https%3A%2F%2Fi.scdn.co%2Fimage%2Fab67616d0000b27353d4b246572ba52079b25dc2&w=48&q=75 => [200] 
[GET] https://dongwook.kim/_next/image?url=https%3A%2F%2Fi.scdn.co%2Fimage%2Fab67616d0000b273f79c2d231526409896d8c118&w=48&q=75 => [200] 
[GET] https://dongwook.kim/_next/image?url=%2Fblog.png&w=32&q=75 => [304] 
[GET] https://dongwook.kim/manifest.webmanifest => [200] 
[GET] https://dongwook.kim/_vercel/speed-insights/script.js => [200] 
[GET] https://dongwook.kim/_vercel/insights/script.js => [200] 
[POST] https://dongwook.kim/_vercel/insights/view => [200] 
[GET] https://dongwook.kim/blog?_rsc=1r34m => [200] 
[GET] https://dongwook.kim/?_rsc=1r34m => [200] 
[GET] https://dongwook.kim/?_rsc=1pn8p => [200] 
[GET] https://dongwook.kim/?_rsc=nn07o => [200] 
[GET] https://dongwook.kim/?_rsc=ivliq => [200] 
[GET] https://dongwook.kim/favicon.ico?f7a4e63a932569d9 => [200] 
[GET] https://dongwook.kim/icons/icon-192.png => [200] 
[GET] https://dongwook.kim/blog?_rsc=p37cr => [200] 